Archive member included to satisfy reference by file (symbol)

d:/program files (x86)/gnu tools arm embedded/5.4 2016q2/bin/../lib/gcc/arm-none-eabi/5.4.1/armv6-m\libgcc.a(_udivsi3.o)
                              ..\obj\sl_peripheral_init.o (__aeabi_uidiv)
d:/program files (x86)/gnu tools arm embedded/5.4 2016q2/bin/../lib/gcc/arm-none-eabi/5.4.1/armv6-m\libgcc.a(_dvmd_tls.o)
                              d:/program files (x86)/gnu tools arm embedded/5.4 2016q2/bin/../lib/gcc/arm-none-eabi/5.4.1/armv6-m\libgcc.a(_udivsi3.o) (__aeabi_idiv0)

Allocating common symbols
Common symbol       size              file

iq_ref              0x4               ..\obj\main.o
dt_trailing_ticks   0x2               ..\obj\main.o
samplecounter       0x4               ..\obj\main.o
blanking_cycles     0x4               ..\obj\main.o
app_status          0x4               ..\obj\main.o
avg_speed_index     0x1               ..\obj\main.o
avg_speed           0x4               ..\obj\main.o
diag_message_offset
                    0x1               ..\obj\main.o
SMS_Counter         0x2               ..\obj\main.o
rcpwm_period_counter
                    0x2               ..\obj\main.o
rc_status           0x1               ..\obj\main.o
sine_index          0x2               ..\obj\main.o
pi_debug_index      0x1               ..\obj\main.o
tmp_cl_accel        0x2               ..\obj\main.o
app_pwm_period      0x4               ..\obj\main.o
getslcomp_state     0x4               ..\obj\main.o
sine_mode           0x4               ..\obj\main.o
millisecond         0x4               ..\obj\main.o
stall_detect_time_ms
                    0x2               ..\obj\main.o
speed_pid           0x20              ..\obj\main.o
motorspeed          0x4               ..\obj\main.o
commutation_time    0x4               ..\obj\main.o
last_sample_stored  0x4               ..\obj\main.o
vin_check_debounce  0x1               ..\obj\main.o
ol_accel_increase   0x2               ..\obj\main.o
vin_volts           0x4               ..\obj\main.o
rc_command          0x4               ..\obj\main.o
debug_array         0xf0              ..\obj\main.o
ol_accel_period     0x2               ..\obj\main.o
prev_rcpwm_time_rise
                    0x2               ..\obj\main.o
iq_ref_command      0x4               ..\obj\main.o
closed_loop_speed_hz
                    0x4               ..\obj\main.o
ol_switchover_hz    0x2               ..\obj\main.o
beep_pwm_dc         0x2               ..\obj\main.o
pwm_period_ticks    0x2               ..\obj\main.o
rcpwm_width         0x2               ..\obj\main.o
debug_3             0x4               ..\obj\main.o
cl_accel_increase   0x2               ..\obj\main.o
commutation_advanced_rise
                    0x4               ..\obj\main.o
sine_scale_increase
                    0x4               ..\obj\main.o
SMS_State           0x1               ..\obj\main.o
dt_leading_ticks    0x2               ..\obj\main.o
good_pulse          0x1               ..\obj\main.o
speed_ref_hz        0x2               ..\obj\main.o
open_loop           0x1               ..\obj\main.o
cl_accel_period     0x2               ..\obj\main.o
sl_current_state    0x4               ..\obj\main.o
stall_counter       0x4               ..\obj\main.o
debug_2             0x4               ..\obj\main.o
speed_ref_command_hz
                    0x2               ..\obj\main.o
timer_d_offset      0x4               ..\obj\main.o
app_over_current_limit
                    0x4               ..\obj\main.o
rcpwm_time_fall     0x2               ..\obj\main.o
start_iq_ref        0x2               ..\obj\main.o
rcpwm_period        0x2               ..\obj\main.o
CRC_Test_Check      0x4               ..\obj\main.o
debug_1             0x4               ..\obj\main.o
timer_d_div         0x1               ..\obj\main.o
align_time_ms       0x2               ..\obj\main.o
stall_speed_ticks   0x2               ..\obj\main.o
stall_speed_hz      0x4               ..\obj\main.o
commutation_advanced_fall
                    0x4               ..\obj\main.o
avg_speed_array     0x18              ..\obj\main.o
speed_ref_ticks     0x4               ..\obj\main.o
ADC_Counter         0x4               ..\obj\main.o
beep_freq_hz        0x2               ..\obj\main.o
mtrpwm_width        0x2               ..\obj\main.o
sample_delay        0x2               ..\obj\main.o
pi_debug_value      0x28              ..\obj\main.o
diag_note_offset    0x1               ..\obj\main.o
debug_4             0x4               ..\obj\main.o
speed_ref_command   0x4               ..\obj\main.o
pwm_duty            0x4               ..\obj\main.o
timer_d_latch_in    0x4               ..\obj\main.o
ol_start_hz         0x2               ..\obj\main.o
sine_scale          0x4               ..\obj\main.o
single_shunt_current
                    0x4               ..\obj\main.o
pot_volts           0x4               ..\obj\main.o
good_samples        0x1               ..\obj\main.o
[...]
Memory Configuration

Name             Origin             Length             Attributes
rom              0x00000000         0x00008000         xr
ram              0x20000000         0x00002000         xrw
*default*        0x00000000         0xffffffff

Linker script and memory map

                0x20002000                _eram = 0x20002000

.text
 *(.isr_vector)
 *(.text*)
 *(.init)
 *(.fini)
 *crtbegin.o(.ctors)
 *crtbegin?.o(.ctors)
 *(EXCLUDE_FILE(*crtend.o *crtend?.o) .ctors)
 *(SORT(.ctors.*))
 *(.ctors)
 *crtbegin.o(.dtors)
 *crtbegin?.o(.dtors)
 *(EXCLUDE_FILE(*crtend.o *crtend?.o) .dtors)
 *(SORT(.dtors.*))
 *(.dtors)
 *(.rodata*)
 *(.eh_fram e*)

.glue_7         0x00000000        0x0
 .glue_7        0x00000000        0x0 linker stubs

.glue_7t        0x00000000        0x0
 .glue_7t       0x00000000        0x0 linker stubs

.vfp11_veneer   0x00000000        0x0
 .vfp11_veneer  0x00000000        0x0 linker stubs

.v4_bx          0x00000000        0x0
 .v4_bx         0x00000000        0x0 linker stubs

.iplt           0x00000000        0x0
 .iplt          0x00000000        0x0 ..\obj\pac5xxx_driver_tile_socbridge_burst.o

.rel.dyn        0x00000000        0x0
 .rel.iplt      0x00000000        0x0 ..\obj\pac5xxx_driver_tile_socbridge_burst.o

.ARM.extab
 *(.ARM.extab* .gnu.linkonce.armextab.*)
                0x00000000                __exidx_start = .

.ARM.exidx
 *(.ARM.exidx* .gnu.linkonce.armexidx.*)
                0x00000000                __exidx_end = .
                0x00000000                __etext = .
                0x00000000                _sidata = __etext

.data           0x20000000        0x0 load address 0x00000000
                0x20000000                __data_start__ = .
                0x20000000                _sdata = __data_start__
 *(vtable)
 *(.data*)
                0x20000000                . = ALIGN (0x4)
                [!provide]                PROVIDE (__preinit_array_start, .)
 *(.preinit_array)
                [!provide]                PROVIDE (__preinit_array_end, .)
                0x20000000                . = ALIGN (0x4)
                [!provide]                PROVIDE (__init_array_start, .)
 *(SORT(.init_array.*))
 *(.init_array)
                [!provide]                PROVIDE (__init_array_end, .)
                0x20000000                . = ALIGN (0x4)
                [!provide]                PROVIDE (__fini_array_start, .)
 *(SORT(.fini_array.*))
 *(.fini_array)
                [!provide]                PROVIDE (__fini_array_end, .)
 *(.jcr*)
                0x20000000                . = ALIGN (0x4)
                0x20000000                __data_end__ = .
                0x20000000                _edata = __data_end__

.igot.plt       0x20000000        0x0
 .igot.plt      0x20000000        0x0 ..\obj\pac5xxx_driver_tile_socbridge_burst.o

.bss            0x20000000        0x0
                0x20000000                . = ALIGN (0x4)
                0x20000000                __bss_start__ = .
                0x20000000                _sbss = __bss_start__
 *(.bss*)
 *(COMMON)
                0x20000000                . = ALIGN (0x4)
                0x20000000                __bss_end__ = .
                0x20000000                _ebss = __bss_end__

.heap           0x20000000        0x0
                0x20000000                __end__ = .
                0x20000000                _end = __end__
                0x20000000                end = __end__
 *(.heap*)
                0x20000000                __HeapLimit = .

.co_stack       0x20000000        0x0
                0x20000000                . = ALIGN (0x8)
 *(.co_stack .co_stack.*)
                0x20002000                __StackTop = (ORIGIN (ram) + LENGTH (ram))
                0x20002000                __StackLimit = (__StackTop - SIZEOF (.co_stack))
                [!provide]                PROVIDE (__stack, __StackTop)
                0x00000001                ASSERT ((__StackLimit >= __HeapLimit), region ram  overflowed with stack)
LOAD ..\obj\pac5xxx_driver_tile_socbridge_burst.o
LOAD ..\obj\pac5xxx_driver_watchdog_config_clock.o
LOAD ..\obj\pac5xxx_driver_rtc_reset.o
LOAD ..\obj\pac5xxx_driver_timer_capture_latch_config.o
LOAD ..\obj\pac5xxx_driver_timer_base_int.o
LOAD ..\obj\pac5xxx_driver_socbridge_config_io.o
LOAD ..\obj\pac5xxx_driver_spi_config_slave.o
LOAD ..\obj\pac5xxx_driver_system_ccs_config.o
LOAD ..\obj\pac5xxx_driver_timer_cctrl_int.o
LOAD ..\obj\pac5xxx_driver_i2c_config.o
LOAD ..\obj\pac5xxx_driver_timer_dtg_config.o
LOAD ..\obj\pac5xxx_driver_system_pll_config_mhz.o
LOAD ..\obj\pac5xxx_driver_timer_clock_config.o
LOAD ..\obj\main.o
LOAD ..\obj\pac5xxx_driver_timer_set_period.o
LOAD ..\obj\pac5xxx_driver_i2c_int.o
LOAD ..\obj\pac5xxx_driver_timer_cctrl_config.o
LOAD ..\obj\pac5xxx_driver_memctl_config.o
LOAD ..\obj\pac5xxx_driver_adc_emux.o
LOAD ..\obj\pac5xxx_driver_i2c_write.o
LOAD ..\obj\pac5xxx_driver_watchdog_config.o
LOAD ..\obj\pac5xxx_driver_system_pll_config.o
LOAD ..\obj\pac5xxx_driver_spi_config_int.o
LOAD ..\obj\pac5xxx_driver_gpio_io_enable.o
LOAD ..\obj\pac5xxx_driver_timer_base_config.o
LOAD ..\obj\pac5xxx_driver_timer_cctrl_capture_config.o
LOAD ..\obj\pac5xxx_driver_timer_base_int_enable.o
LOAD ..\obj\pac5xxx_driver_gpio_interrupt.o
LOAD ..\obj\pac5xxx_driver_adc_config.o
LOAD ..\obj\pac5xxx_driver_spi_config_io.o
LOAD ..\obj\pac5xxx_driver_tile_socbridge_validate.o
LOAD ..\obj\pac5xxx_driver_watchdog_reset.o
LOAD ..\obj\pac5xxx_driver_adc_seq.o
LOAD ..\obj\pac5xxx_driver_rtc_config.o
LOAD ..\obj\pac5xxx_driver_socbridge_config.o
LOAD ..\obj\pac5xxx_driver_arm_sleep.o
LOAD ..\obj\pac5xxx_driver_uart_config.o
LOAD ..\obj\sl_peripheral_init.o
LOAD ..\obj\pac5xxx_driver_tile_socbridge.o
LOAD ..\obj\pac5xxx_driver_i2c_read.o
LOAD ..\obj\pac5xxx_driver_socbridge_data.o
LOAD ..\obj\pac5xxx_driver_watchdog_clear_if.o
LOAD ..\obj\pac5xxx_driver_rtc_clear_if.o
LOAD ..\obj\pac5xxx_driver_timer_base_int_clear.o
LOAD ..\obj\pac5xxx_driver_spi_config_master.o
LOAD ..\obj\pac5xxx_driver_timer_clear.o
LOAD ..\obj\pac5xxx_driver_tile_socbridge_config.o
START GROUP
LOAD d:/program files (x86)/gnu tools arm embedded/5.4 2016q2/bin/../lib/gcc/arm-none-eabi/5.4.1/armv6-m\libgcc.a
LOAD d:/program files (x86)/gnu tools arm embedded/5.4 2016q2/bin/../lib/gcc/arm-none-eabi/5.4.1/../../../../arm-none-eabi/lib/armv6-m\libg.a
LOAD d:/program files (x86)/gnu tools arm embedded/5.4 2016q2/bin/../lib/gcc/arm-none-eabi/5.4.1/../../../../arm-none-eabi/lib/armv6-m\libc.a
END GROUP
OUTPUT(aging.elf elf32-littlearm)
